// Jest Snapshot v1, https://goo.gl/fbAQLP

exports[`test button component render button 1`] = `
<button
  class="button button-backgroundColor__olive button-size__md button-color__white button-borderRadius__undefined "
>
  Add
</button>
`;
